// Jest Snapshot v1, https://goo.gl/fbAQLP

exports[`renders Posts component make snapshot of Posts component 1`] = `
<Provider
  store={
    Object {
      "dispatch": [Function],
      "getState": [Function],
      "replaceReducer": [Function],
      "subscribe": [Function],
      Symbol(observable): [Function],
    }
  }
>
  <Posts>
    <div
      className="Posts"
    />
  </Posts>
</Provider>
`;
