// Jest Snapshot v1, https://goo.gl/fbAQLP

exports[`renders ScrollToTop component make a snapshot of ScrollToTop Component 1`] = `
<Provider
  store={
    Object {
      "dispatch": [Function],
      "getState": [Function],
      "replaceReducer": [Function],
      "subscribe": [Function],
      Symbol(observable): [Function],
    }
  }
>
  <ScrollToTop>
    <span
      aria-label="scroll to top"
      className="ScrollToTop"
      title="scroll to top"
    >
      <IoChevronUpCircle
        className="ScrollToTopButton"
        data-testid="ScrollToTopButton"
        onClick={[Function]}
        role="button"
        style={
          Object {
            "display": "none",
          }
        }
      >
        <IconBase
          attr={
            Object {
              "viewBox": "0 0 512 512",
            }
          }
          className="ScrollToTopButton"
          data-testid="ScrollToTopButton"
          onClick={[Function]}
          role="button"
          style={
            Object {
              "display": "none",
            }
          }
        >
          <svg
            className="ScrollToTopButton"
            data-testid="ScrollToTopButton"
            fill="currentColor"
            height="1em"
            onClick={[Function]}
            role="button"
            stroke="currentColor"
            strokeWidth="0"
            style={
              Object {
                "color": undefined,
                "display": "none",
              }
            }
            viewBox="0 0 512 512"
            width="1em"
            xmlns="http://www.w3.org/2000/svg"
          >
            <path
              d="M256 48C141.13 48 48 141.13 48 256s93.13 208 208 208 208-93.13 208-208S370.87 48 256 48zm107.31 259.31a16 16 0 01-22.62 0L256 222.63l-84.69 84.68a16 16 0 01-22.62-22.62l96-96a16 16 0 0122.62 0l96 96a16 16 0 010 22.62z"
              key="0"
            />
          </svg>
        </IconBase>
      </IoChevronUpCircle>
    </span>
  </ScrollToTop>
</Provider>
`;
